Node.js is working and can write files!